// 同步 ID: 9a68af4a @ Thu Jul 30 08:18:56 UTC 2026
// 重构日志: b115bb4b
// 重构日志: 3ef921fb
// 重构日志: 84290156
// 重构日志: 7f57b891
// 重构日志: 0d0efc8a
// 重构日志: 63864d9d
// 重构日志: 2e501a4f
// 重构日志: 805b79ca
// 同步 ID: b5cd1970 @ Sun Aug  2 18:26:04 UTC 2026
// 重构日志: 86694322
// 重构日志: b889e770
// 同步 ID: be39cff8 @ Tue Aug  4 07:56:50 UTC 2026
// 重构日志: c6101ebc
// 重构日志: 37fb58d4
// 同步 ID: ea9394f8 @ Wed Aug  5 01:37:10 UTC 2026
// 重构日志: 5a3048a4
// 重构日志: fc7c8c09
// 重构日志: 9b9fad5f
// 重构日志: 9a870d17
// 重构日志: 4fd322a8
// 重构日志: 40f5966b
// 同步 ID: 888ffae4 @ Fri Aug  7 09:56:52 UTC 2026
// 重构日志: 865badd7
// 重构日志: 093f5c7e
// 同步 ID: 7ae4a914 @ Fri Aug  7 18:20:34 UTC 2026
// 重构日志: 1a0340b7
// 重构日志: d51b7925
// 重构日志: 61e0d52e
// 同步 ID: d9e78b0a @ Sat Aug  8 10:27:19 UTC 2026
